CP018 config loaded | 4 libraries | CR_OUT: /home/ammasakshay/Desktop/Projects/cellranger_out/CP018_multi_out/outs/per_sample_outs
qs2 0.2.2
Loading required package: SeuratObject
Loading required package: sp
‘SeuratObject’ was built under R 4.5.3 but the current version is
4.6.1; it is recomended that you reinstall ‘SeuratObject’ as the ABI
for R may have changed
‘SeuratObject’ was built with package ‘Matrix’ 1.7.5 but the current
version is 1.7.6; it is recomended that you reinstall ‘SeuratObject’ as
the ABI for ‘Matrix’ may have changed

Attaching package: ‘SeuratObject’

The following objects are masked from ‘package:base’:

    intersect, t


Attaching package: ‘dplyr’

The following objects are masked from ‘package:stats’:

    filter, lag

The following objects are masked from ‘package:base’:

    intersect, setdiff, setequal, union

Loading required package: ggraph

Attaching package: ‘ggraph’

The following object is masked from ‘package:sp’:

    geometry

Loading required package: SeuratExtendData
scCustomize v3.3.0
If you find the scCustomize useful please cite.
See 'samuel-marsh.github.io/scCustomize/articles/FAQ.html' for citation info.
Splitting ‘counts’, ‘data’ layers. Not splitting ‘scale.data’. If you would like to split other layers, set in `layers` argument.
Warning: Different features in new layer data than already exists for scale.data
Warning: The default method for RunUMAP has changed from calling Python UMAP via reticulate to the R-native UWOT using the cosine metric
To use Python UMAP via reticulate, set umap.method to 'umap-learn' and metric to 'correlation'
This message will be shown once per session
The 'I want hue' color presets were generated from: https://medialab.github.io/iwanthue/
This message is shown once per session

Attaching package: ‘cowplot’

The following object is masked from ‘package:patchwork’:

    align_plots

Warning message:
`aes_string()` was deprecated in ggplot2 3.0.0.
ℹ Please use tidy evaluation idioms with `aes()`.
ℹ See also `vignette("ggplot2-in-packages")` for more information.
ℹ The deprecated feature was likely used in the SeuratExtend package.
  Please report the issue to the authors. 
Warning: Layer counts isn't present in the assay object; returning NULL
Warning messages:
1: In .local(x, ...) : 'normalizeCounts' is deprecated.
Use 'scrapper::normalizeCounts' instead.
See help("Deprecated")
2: In .local(x, ...) : 'normalizeCounts' is deprecated.
Use 'scrapper::normalizeCounts' instead.
See help("Deprecated")
3: In .local(x, ...) : 'normalizeCounts' is deprecated.
Use 'scrapper::normalizeCounts' instead.
See help("Deprecated")
4: In .local(x, ...) : 'normalizeCounts' is deprecated.
Use 'scrapper::normalizeCounts' instead.
See help("Deprecated")
Only one graph name supplied, storing nearest-neighbor graph only
Only one graph name supplied, storing nearest-neighbor graph only
Dropping tiny cluster(s): 9 (2 cells)
Error: No cell overlap between new meta data and Seurat object
Execution halted
