CP018 config loaded | 4 libraries | CR_OUT: /home/ammasakshay/Desktop/Projects/cellranger_out/CP018_multi_out/outs/per_sample_outs
qs2 0.2.2
Loading required package: SeuratObject
Loading required package: sp
‘SeuratObject’ was built under R 4.5.3 but the current version is
4.6.1; it is recomended that you reinstall ‘SeuratObject’ as the ABI
for R may have changed
‘SeuratObject’ was built with package ‘Matrix’ 1.7.5 but the current
version is 1.7.6; it is recomended that you reinstall ‘SeuratObject’ as
the ABI for ‘Matrix’ may have changed

Attaching package: ‘SeuratObject’

The following objects are masked from ‘package:base’:

    intersect, t


Attaching package: ‘dplyr’

The following objects are masked from ‘package:stats’:

    filter, lag

The following objects are masked from ‘package:base’:

    intersect, setdiff, setequal, union

Clusters evaluated: 0, 1, 2, 3, 4, 5, 6, 7, 8
  [csv] CP018_panel_gene_coverage.csv  (170 rows)
NOTE: 6 panel genes absent from the object (see CP018_panel_gene_coverage.csv) - panel means use the rest.
  [csv] CP018_panel_scores_mean.csv  (24 rows)
  [csv] CP018_panel_scores_zscore.csv  (24 rows)

=== Panel z-scores (which cluster is HIGH for each programme) ===
                     0    1    2    3    4    5    6    7    8
Stem_TF            0.5 -0.2  1.5 -1.7  0.0  0.4 -1.4  0.5  0.5
Stem_surface       0.9 -0.7  0.5 -1.8 -1.2  0.9 -0.1  0.7  0.9
Tscm_associated    0.7 -0.3  1.0 -2.1 -0.8  0.5 -0.3  0.7  0.7
Naive_restricted   0.9 -0.7  0.7 -1.7 -0.6  0.7 -1.1  0.7  1.0
Activation_early   0.1 -1.3 -0.6 -0.2 -0.8  0.1  2.2  0.6  0.0
Activation_late   -0.7 -0.4  1.0  0.7  2.0 -0.7 -0.4 -0.7 -0.8
Costim_TNFRSF     -0.6  0.4  1.6 -0.8  1.8 -0.6 -0.6 -0.5 -0.6
Inhibitory_recep  -0.8 -0.4  1.1  0.8  1.9 -0.8 -0.2 -0.8 -0.8
Exhaustion_TF     -0.9  1.2  0.7  0.6  1.4 -1.0 -0.2 -1.0 -0.9
Tpex_hallmark     -0.5  0.9  1.8 -0.7  1.2 -0.5 -1.1 -0.5 -0.5
Glycolysis        -0.8 -0.5  0.3 -0.6  1.7 -0.8 -0.2  1.6 -0.7
OXPHOS            -0.6  0.0  1.3 -0.2  1.9 -0.6  0.0 -1.1 -0.7
FAO_mitochondrial -0.3  0.0  0.7 -0.6  2.2 -0.6  0.4 -1.3 -0.3
mTOR_growth        0.4 -0.8 -1.3 -1.4  1.2  0.2  1.4 -0.1  0.4
Cytotoxicity      -0.7 -0.3 -0.2  2.3  0.6 -0.8  0.5 -0.7 -0.7
Cytokine          -0.8  0.3  0.2  1.0  2.0 -0.9 -0.1 -0.8 -0.8
Terminal_diff     -0.8  0.2 -0.3  2.1  0.2 -0.7  0.9 -0.8 -0.8
Tissue_residency  -1.0  0.6  0.1  0.8  0.8 -1.2  1.6 -0.7 -1.0
Cycling           -0.3 -0.3 -0.1 -0.4  2.7 -0.3 -0.4 -0.4 -0.3
Type_I_IFN         1.4 -0.8 -0.8 -1.3 -0.8  1.1  0.5 -0.2  1.0
MAIT              -0.4 -0.4 -0.2 -0.2 -0.3 -0.4  2.7 -0.4 -0.4
Hypoxia           -0.4 -0.4  0.1 -0.6 -0.1 -0.3 -0.4  2.6 -0.4
Heat_shock        -0.4  0.3  0.6 -0.4  2.3 -0.3 -0.3 -1.3 -0.5
Apoptosis         -0.5 -0.2  1.1 -0.2  2.2 -0.4 -0.5 -1.0 -0.5
attr(,"scaled:center")
          Stem_TF      Stem_surface   Tscm_associated  Naive_restricted 
        0.8568009         1.0129677         0.7660921         0.5307923 
 Activation_early   Activation_late     Costim_TNFRSF  Inhibitory_recep 
        0.4601225         0.1886693         0.2833604         0.1351102 
    Exhaustion_TF     Tpex_hallmark        Glycolysis            OXPHOS 
        0.2281135         0.5655084         1.1461437         1.3172118 
FAO_mitochondrial       mTOR_growth      Cytotoxicity          Cytokine 
        0.2256730         0.7535283         0.5146774         0.1603494 
    Terminal_diff  Tissue_residency           Cycling        Type_I_IFN 
        0.1387674         0.3724118         0.2458929         0.3707560 
             MAIT           Hypoxia        Heat_shock         Apoptosis 
        0.1584018         0.1923669         0.4786945         0.2820726 
attr(,"scaled:scale")
          Stem_TF      Stem_surface   Tscm_associated  Naive_restricted 
       0.28736789        0.30969241        0.22488637        0.22576307 
 Activation_early   Activation_late     Costim_TNFRSF  Inhibitory_recep 
       0.09226864        0.17617085        0.16366075        0.13934934 
    Exhaustion_TF     Tpex_hallmark        Glycolysis            OXPHOS 
       0.11296880        0.28601820        0.35640963        0.16862247 
FAO_mitochondrial       mTOR_growth      Cytotoxicity          Cytokine 
       0.04457643        0.04707822        0.60457880        0.18492896 
    Terminal_diff  Tissue_residency           Cycling        Type_I_IFN 
       0.15310118        0.15431237        0.35873906        0.07130183 
             MAIT           Hypoxia        Heat_shock         Apoptosis 
       0.32806854        0.15350363        0.09497386        0.06916630 
  [csv] CP018_cluster_QC_confounders.csv  (9 rows)

=== Technical confounders ===
 cluster n_cells mean_nFeature mean_nCount pct_mito pct_ribo complexity
       0    2404          2577        8959     2.88     37.3      0.865
       1     496          2735        9479     4.20     28.7      0.873
       2     437          5218       29928     5.93     28.4      0.835
       3     426          2142        6485     3.88     27.2      0.880
       4     408          6603       47995     4.68     22.2      0.824
       5     250          2593        9105     2.89     37.8      0.863
       6     246          2708        9133     3.30     30.6      0.871
       7     231          2496        9137     2.59     39.2      0.859
       8     231          2619        9213     2.79     37.4      0.864
 mean_doublet_score pct_cycling nFeature_vs_median hypoxia_z heatshock_z
              0.035          29               0.98     -0.44       -0.43
              0.076          30               1.04     -0.45        0.26
              0.236          19               1.99      0.07        0.64
              0.072          42               0.82     -0.58       -0.38
              0.141          97               2.52     -0.13        2.28
              0.040          29               0.99     -0.35       -0.32
              0.075          29               1.03     -0.39       -0.30
              0.042          26               0.95      2.62       -1.26
              0.049          28               1.00     -0.35       -0.49
                        flag
                            
                            
 HIGH DEPTH - check doublets
                            
         HEAT-SHOCK / STRESS
                            
                            
           HYPOXIA-DOMINATED
                            
Reusing marker table from script 3: CP018_markers_all_clusters.csv
Error in read.table(file = file, header = header, sep = sep, quote = quote,  : 
  first five rows are empty: giving up
Calls: <Anonymous> -> read.table
Execution halted
